[annualreport.thecloroxcompany.com/index.html]
[backblue.gif]
[fade.gif]
[index.html]
[ajax.googleapis.com/ajax/libs/jquery/3.3.1/jquery.min.js]
[assets.adobedtm.com/cfd7100a02cbfa40b2c485d333da22f89ccabd9c/satelliteLib-e1a96af74edf26406b64b1c5cb0abedb7b5a6c6c.js]
[annualreport.thecloroxcompany.com/index-2.html]
[annualreport.thecloroxcompany.com/about.html]
[annualreport.thecloroxcompany.com/materiality.html]
[annualreport.thecloroxcompany.com/gri.html]
[annualreport.thecloroxcompany.com/info.html]
[annualreport.thecloroxcompany.com/Clorox_2018_Integrated_Report9530.pdf]
[annualreport.thecloroxcompany.com/Clorox_2018_Executive_Summary_English.pdf]
[annualreport.thecloroxcompany.com/Clorox_2018_Executive_Summary_Spanish.pdf]
[annualreport.thecloroxcompany.com/_images/global/nav1.png]
[annualreport.thecloroxcompany.com/ceo-letter/index.html]
[annualreport.thecloroxcompany.com/strategy/people.html]
[annualreport.thecloroxcompany.com/strategy/value.html]
[annualreport.thecloroxcompany.com/strategy/index.html]
[annualreport.thecloroxcompany.com/strategy/portfolio.html]
[annualreport.thecloroxcompany.com/strategy/growth.html]
[annualreport.thecloroxcompany.com/_images/global/nav2.png]
[annualreport.thecloroxcompany.com/_images/global/nav3.png]
[annualreport.thecloroxcompany.com/scorecard/footprint.html]
[annualreport.thecloroxcompany.com/innovation/index.html]
[annualreport.thecloroxcompany.com/scorecard/performance.html]
[annualreport.thecloroxcompany.com/scorecard/index.html]
[annualreport.thecloroxcompany.com/scorecard/product.html]
[annualreport.thecloroxcompany.com/scorecard/people.html]
[annualreport.thecloroxcompany.com/scorecard/community.html]
[annualreport.thecloroxcompany.com/scorecard/planet.html]
[annualreport.thecloroxcompany.com/_images/global/nav4.png]
[annualreport.thecloroxcompany.com/recognitions/brand.html]
[annualreport.thecloroxcompany.com/_images/global/nav5.png]
[annualreport.thecloroxcompany.com/_images/global/nav6.png]
[annualreport.thecloroxcompany.com/recognitions/index.html]
[annualreport.thecloroxcompany.com/governance/board.html]
[annualreport.thecloroxcompany.com/financials/index.html]
[annualreport.thecloroxcompany.com/governance/committee.html]
[annualreport.thecloroxcompany.com/governance/index.html]
[annualreport.thecloroxcompany.com/_images/global/nav7.png]
[annualreport.thecloroxcompany.com/_images/home/scene1/image1.png]
[annualreport.thecloroxcompany.com/_images/home/scene1/image2.png]
[annualreport.thecloroxcompany.com/_images/home/scene1/mobile.png]
[annualreport.thecloroxcompany.com/_images/home/scene2/wave.png]
[annualreport.thecloroxcompany.com/_images/home/scene2/product1.jpg]
[annualreport.thecloroxcompany.com/_images/home/scene2/product2.jpg]
[annualreport.thecloroxcompany.com/_images/home/scene2/product3.jpg]
[annualreport.thecloroxcompany.com/_images/home/scene2/product4.jpg]
[annualreport.thecloroxcompany.com/_images/home/scene2/product5.png]
[annualreport.thecloroxcompany.com/_images/home/scene2/product6.jpg]
[annualreport.thecloroxcompany.com/_images/home/scene2/product5.jpg]
[annualreport.thecloroxcompany.com/_images/home/scene3/product1.png]
[annualreport.thecloroxcompany.com/_images/home/scene3/mobile.png]
[annualreport.thecloroxcompany.com/_images/home/scene3/image2.png]
[annualreport.thecloroxcompany.com/_images/home/scene4/waves.png]
[annualreport.thecloroxcompany.com/ceo-letter.30.delayed]
[annualreport.thecloroxcompany.com/_images/home/scene4/ceo.png]
[unpkg.com/imagesloaded@4.1.4/imagesloaded.pkgd.min.js]
[annualreport.thecloroxcompany.com/_js/jquery.fancybox.min.js]
[annualreport.thecloroxcompany.com/_js/jquery.mousewheel.js]
[annualreport.thecloroxcompany.com/_js/greensock/TimelineMax.min.js]
[annualreport.thecloroxcompany.com/_js/greensock/TweenMax.min.js]
[annualreport.thecloroxcompany.com/_js/ScrollMagic.js]
[annualreport.thecloroxcompany.com/_js/plugins/jquery.ScrollMagic.js]
[annualreport.thecloroxcompany.com/_js/plugins/debug.addIndicators.js]
[annualreport.thecloroxcompany.com/_js/greensock/plugins/DrawSVGPlugin.min.js]
[annualreport.thecloroxcompany.com/_js/plugins/animation.gsap.js]
[annualreport.thecloroxcompany.com/_js/jquery.cycle2.min.js]
[annualreport.thecloroxcompany.com/_js/main031f.js]
[annualreport.thecloroxcompany.com/_js/home.js]
[annualreport.thecloroxcompany.com/index.html]
[use.fontawesome.com/releases/v5.2.0/css/all.css]
[annualreport.thecloroxcompany.com/_fonts/simplifica_typeface-webfont.woff2]
[annualreport.thecloroxcompany.com/_fonts/simplifica_typeface-webfont.woff]
[annualreport.thecloroxcompany.com/_images/home/scene4/logos.png]
[annualreport.thecloroxcompany.com/_images/strategy/landing/wave.png]
[annualreport.thecloroxcompany.com/_images/strategy/people/video.jpg]
[annualreport.thecloroxcompany.com/_images/recognitions/company/bg.jpg]
[annualreport.thecloroxcompany.com/_images/recognitions/brands/bg.jpg]
[annualreport.thecloroxcompany.com/_images/governance/committee/bg.jpg]
[annualreport.thecloroxcompany.com/_images/about/wave.png]
[annualreport.thecloroxcompany.com/_images/about/wave.4b.delayed]
[annualreport.thecloroxcompany.com/_images/ceo-letter/wave1.png]
[annualreport.thecloroxcompany.com/_images/ceo-letter/wave2.png]
[annualreport.thecloroxcompany.com/_images/ceo-letter/statsBG1b26.jpg]
[annualreport.thecloroxcompany.com/_images/materiality/wave.png]
[annualreport.thecloroxcompany.com/_images/innovation/wave.png]
[annualreport.thecloroxcompany.com/_css/maind80a.css]
[annualreport.thecloroxcompany.com/_js/jquery.fancybox.min.css]
[bat.bing.com/bat.js]
[www.sc.pages04.net/lp/static/js/iMAWebCookie0d1f.js]
[contentz.mkt941.com/lp/static/js/iMAWebCookie0d1f.js]
[assets.adobedtm.com/cfd7100a02cbfa40b2c485d333da22f89ccabd9c/satelliteLib-e1a96af74edf26406b64b1c5cb0abedb7b5a6c6c.js]
[annualreport.thecloroxcompany.com/_images/global/shareImage613b.png]
[annualreport.thecloroxcompany.com/index-2.html]
[annualreport.thecloroxcompany.com/_images/global/logo.svg]
[annualreport.thecloroxcompany.com/about.html]
[annualreport.thecloroxcompany.com/materiality.html]
[annualreport.thecloroxcompany.com/gri.html]
[annualreport.thecloroxcompany.com/info.html]
[annualreport.thecloroxcompany.com/_images/ceo-letter/ceo.png]
[annualreport.thecloroxcompany.com/_images/ceo-letter/sidebar1.jpg]
[annualreport.thecloroxcompany.com/_images/ceo-letter/image2.jpg]
[annualreport.thecloroxcompany.com/_images/ceo-letter/image1.jpg]
[annualreport.thecloroxcompany.com/_images/ceo-letter/image3.jpg]
[annualreport.thecloroxcompany.com/_images/ceo-letter/image4.jpg]
[annualreport.thecloroxcompany.com/_images/ceo-letter/image5.jpg]
[annualreport.thecloroxcompany.com/_images/ceo-letter/signature.png]
[annualreport.thecloroxcompany.com/financials/index-2.html]
[annualreport.thecloroxcompany.com/financials/nonfinancial.pdf]
[annualreport.thecloroxcompany.com/ceo-letter/index.html]
[annualreport.thecloroxcompany.com/strategy/index-2.html]
[annualreport.thecloroxcompany.com/strategy/index.html]
[annualreport.thecloroxcompany.com/_images/strategy/people/hero.jpg]
[annualreport.thecloroxcompany.com/_images/strategy/people/wave.png]
[annualreport.thecloroxcompany.com/_images/strategy/people/image1.jpg]
[annualreport.thecloroxcompany.com/_images/strategy/people/image2.jpg]
[annualreport.thecloroxcompany.com/_images/strategy/people/image3.jpg]
[annualreport.thecloroxcompany.com/_images/strategy/people/image4.jpg]
[annualreport.thecloroxcompany.com/strategy/people.html]
[annualreport.thecloroxcompany.com/_images/strategy/value/hero.jpg]
[annualreport.thecloroxcompany.com/_images/strategy/value/image1.jpg]
[annualreport.thecloroxcompany.com/_images/strategy/value/wave1.png]
[annualreport.thecloroxcompany.com/_images/strategy/value/image2.jpg]
[annualreport.thecloroxcompany.com/_images/strategy/value/image3.jpg]
[annualreport.thecloroxcompany.com/_images/strategy/value/image6.jpg]
[annualreport.thecloroxcompany.com/_images/strategy/value/image4.jpg]
[annualreport.thecloroxcompany.com/_images/strategy/people/play.png]
[annualreport.thecloroxcompany.com/_images/strategy/value/wave2.png]
[annualreport.thecloroxcompany.com/_images/strategy/value/image5.jpg]
[annualreport.thecloroxcompany.com/strategy/value.html]
[annualreport.thecloroxcompany.com/_images/strategy/portfolio/hero.jpg]
[annualreport.thecloroxcompany.com/_images/strategy/portfolio/image1.jpg]
[annualreport.thecloroxcompany.com/_images/strategy/portfolio/image2.png]
[annualreport.thecloroxcompany.com/_images/strategy/portfolio/image3.jpg]
[annualreport.thecloroxcompany.com/_images/strategy/portfolio/image4.png]
[annualreport.thecloroxcompany.com/_images/strategy/portfolio/image5.jpg]
[annualreport.thecloroxcompany.com/_images/strategy/portfolio/wave.png]
[annualreport.thecloroxcompany.com/strategy/portfolio.html]
[annualreport.thecloroxcompany.com/_images/strategy/growth/hero.jpg]
[annualreport.thecloroxcompany.com/_images/strategy/growth/wave.png]
[annualreport.thecloroxcompany.com/_images/strategy/growth/image2.jpg]
[annualreport.thecloroxcompany.com/_images/strategy/growth/image1.jpg]
[annualreport.thecloroxcompany.com/_images/strategy/growth/image31b26.jpg]
[annualreport.thecloroxcompany.com/_images/strategy/growth/progress1b.jpg]
[annualreport.thecloroxcompany.com/_images/strategy/growth/progress2.jpg]
[annualreport.thecloroxcompany.com/_images/strategy/growth/progress3.jpg]
[annualreport.thecloroxcompany.com/_images/strategy/growth/progress4.jpg]
[annualreport.thecloroxcompany.com/_images/strategy/growth/progress5.jpg]
[annualreport.thecloroxcompany.com/strategy/growth.html]
[annualreport.thecloroxcompany.com/_images/innovation/products21b26.png]
[annualreport.thecloroxcompany.com/_images/innovation/products11b26.png]
[annualreport.thecloroxcompany.com/_images/innovation/whiteProduct1.png]
[annualreport.thecloroxcompany.com/_images/innovation/whiteProduct2.png]
[annualreport.thecloroxcompany.com/_images/innovation/products31b26.png]
[annualreport.thecloroxcompany.com/_images/innovation/products41b26.png]
[annualreport.thecloroxcompany.com/_images/innovation/products51b26.png]
[annualreport.thecloroxcompany.com/_images/innovation/whiteProduct3.png]
[annualreport.thecloroxcompany.com/_images/innovation/products61b26.png]
[annualreport.thecloroxcompany.com/_images/innovation/whiteProduct4.png]
[annualreport.thecloroxcompany.com/_images/innovation/products71b26.png]
[annualreport.thecloroxcompany.com/_images/innovation/products81b26.png]
[annualreport.thecloroxcompany.com/_images/innovation/whiteProduct5.png]
[annualreport.thecloroxcompany.com/_images/innovation/products91b26.png]
[annualreport.thecloroxcompany.com/_images/innovation/products101b26.png]
[annualreport.thecloroxcompany.com/_images/innovation/products111b26.png]
[annualreport.thecloroxcompany.com/_images/innovation/whiteProduct6.png]
[annualreport.thecloroxcompany.com/_images/innovation/products121b26.png]
[annualreport.thecloroxcompany.com/innovation/index.html]
[annualreport.thecloroxcompany.com/scorecard/index-2.html]
[annualreport.thecloroxcompany.com/_js/scorecard.js]
[annualreport.thecloroxcompany.com/scorecard/index.html]
[annualreport.thecloroxcompany.com/_images/scorecard/footprint/map.png]
[annualreport.thecloroxcompany.com/scorecard/footprint.html]
[annualreport.thecloroxcompany.com/_images/scorecard/performance/image1.png]
[annualreport.thecloroxcompany.com/scorecard/performance.html]
[annualreport.thecloroxcompany.com/_images/scorecard/product/image1.png]
[annualreport.thecloroxcompany.com/scorecard/product.html]
[annualreport.thecloroxcompany.com/_images/scorecard/people/image1.png]
[annualreport.thecloroxcompany.com/scorecard/people.html]
[annualreport.thecloroxcompany.com/_images/scorecard/community/image1.png]
[annualreport.thecloroxcompany.com/scorecard/community.html]
[annualreport.thecloroxcompany.com/_images/scorecard/planet/image1.png]
[annualreport.thecloroxcompany.com/scorecard/planet.html]
[annualreport.thecloroxcompany.com/_images/recognitions/company/logo1.png]
[annualreport.thecloroxcompany.com/_images/recognitions/company/logo2.png]
[annualreport.thecloroxcompany.com/_images/recognitions/company/logo3.png]
[annualreport.thecloroxcompany.com/_images/recognitions/company/logo4.png]
[annualreport.thecloroxcompany.com/recognitions/index.html]
[annualreport.thecloroxcompany.com/_images/recognitions/brands/renewlife/logo2.png]
[annualreport.thecloroxcompany.com/_images/recognitions/brands/burts-bees/logo7.png]
[annualreport.thecloroxcompany.com/_images/recognitions/brands/clorox/logo2.png]
[annualreport.thecloroxcompany.com/_images/recognitions/brands/brita/image1.png]
[annualreport.thecloroxcompany.com/_images/recognitions/brands/burts-bees/logo6.png]
[annualreport.thecloroxcompany.com/_images/recognitions/brands/glad/logo1.png]
[annualreport.thecloroxcompany.com/_images/recognitions/brands/renewlife/logo1.png]
[annualreport.thecloroxcompany.com/recognitions/brand.html]
[annualreport.thecloroxcompany.com/recognitions/index-2.html]
[annualreport.thecloroxcompany.com/financials/earnings.pdf]
[annualreport.thecloroxcompany.com/financials/income.pdf]
[annualreport.thecloroxcompany.com/financials/balance.pdf]
[annualreport.thecloroxcompany.com/financials/equity.pdf]
[annualreport.thecloroxcompany.com/financials/cash-flows.pdf]
[annualreport.thecloroxcompany.com/financials/financial-statements.pdf]
[annualreport.thecloroxcompany.com/_images/financials/signature.png]
[annualreport.thecloroxcompany.com/financials/index.html]
[annualreport.thecloroxcompany.com/governance/index-2.html]
[annualreport.thecloroxcompany.com/governance/index.html]
[annualreport.thecloroxcompany.com/_images/governance/board/person1.png]
[annualreport.thecloroxcompany.com/_images/governance/board/person2.png]
[annualreport.thecloroxcompany.com/_images/governance/board/person3.png]
[annualreport.thecloroxcompany.com/_images/governance/board/person4.png]
[annualreport.thecloroxcompany.com/_images/governance/board/person5.png]
[annualreport.thecloroxcompany.com/_images/governance/board/person6.png]
[annualreport.thecloroxcompany.com/_images/governance/board/person7.png]
[annualreport.thecloroxcompany.com/_images/governance/board/person8.png]
[annualreport.thecloroxcompany.com/_images/governance/board/person9.png]
[annualreport.thecloroxcompany.com/_images/governance/board/person10.png]
[annualreport.thecloroxcompany.com/_images/governance/board/person11.png]
[annualreport.thecloroxcompany.com/_images/governance/board/person12.png]
[annualreport.thecloroxcompany.com/_images/governance/board/person13.png]
[annualreport.thecloroxcompany.com/governance/board.html]
[annualreport.thecloroxcompany.com/_images/governance/committee/image1.png]
[annualreport.thecloroxcompany.com/governance/committee.html]
[use.fontawesome.com/releases/v5.2.0/css/all.css]
[annualreport.thecloroxcompany.com/_images/strategy/landing/checkmark.svg]
[annualreport.thecloroxcompany.com/_images/about/wave.html]
[annualreport.thecloroxcompany.com/_images/ceo-letter/quotes.svg]
[annualreport.thecloroxcompany.com/_images/scorecard/global/a.svg]
[annualreport.thecloroxcompany.com/_images/materiality/chart1.svg]
[annualreport.thecloroxcompany.com/_images/info/chart1.svg]
[annualreport.thecloroxcompany.com/_images/recognitions/company/linkIcon.svg]
[annualreport.thecloroxcompany.com/financials/index-2.html]
[annualreport.thecloroxcompany.com/strategy/index-2.html]
[annualreport.thecloroxcompany.com/_images/strategy/growth/icon1.svg]
[annualreport.thecloroxcompany.com/_images/strategy/growth/arrow.svg]
[annualreport.thecloroxcompany.com/_images/scorecard/global/left.svg]
[annualreport.thecloroxcompany.com/_images/scorecard/global/right.svg]
[annualreport.thecloroxcompany.com/scorecard/index-2.html]
[annualreport.thecloroxcompany.com/_images/scorecard/footprint/iconBlue.svg]
[annualreport.thecloroxcompany.com/_images/scorecard/footprint/iconYellow.svg]
[annualreport.thecloroxcompany.com/_images/scorecard/footprint/iconGreen.svg]
[annualreport.thecloroxcompany.com/_images/scorecard/footprint/iconLightBlue.svg]
[annualreport.thecloroxcompany.com/_images/scorecard/footprint/iconPurple.svg]
[annualreport.thecloroxcompany.com/_images/scorecard/global/up.svg]
[annualreport.thecloroxcompany.com/_images/scorecard/global/down.svg]
[annualreport.thecloroxcompany.com/_images/recognitions/company/logo5.svg]
[annualreport.thecloroxcompany.com/_images/recognitions/company/logo6.svg]
[annualreport.thecloroxcompany.com/_images/recognitions/company/logo7.svg]
[annualreport.thecloroxcompany.com/recognitions/index-2.html]
[annualreport.thecloroxcompany.com/_images/financials/logo.svg]
[annualreport.thecloroxcompany.com/_images/about/wave.svg]
[annualreport.thecloroxcompany.com/governance/index-2.html]
[annualreport.thecloroxcompany.com/_images/governance/committee/hover.svg]
